Archive member included to satisfy reference by file (symbol)

c:/Users/robertmadsen/Desktop/altera_max_10/altera_max_10/software/altera_max_10_bsp/\libhal_bsp.a(alt_load.o)
                              c:/Users/robertmadsen/Desktop/altera_max_10/altera_max_10/software/altera_max_10_bsp//obj/HAL/src/crt0.o (alt_load)
c:/Users/robertmadsen/Desktop/altera_max_10/altera_max_10/software/altera_max_10_bsp/\libhal_bsp.a(alt_main.o)
                              c:/Users/robertmadsen/Desktop/altera_max_10/altera_max_10/software/altera_max_10_bsp//obj/HAL/src/crt0.o (alt_main)
c:/Users/robertmadsen/Desktop/altera_max_10/altera_max_10/software/altera_max_10_bsp/\libhal_bsp.a(alt_printf.o)
                              obj/default/altera_max_10.o (alt_printf)
c:/Users/robertmadsen/Desktop/altera_max_10/altera_max_10/software/altera_max_10_bsp/\libhal_bsp.a(alt_putchar.o)
                              c:/Users/robertmadsen/Desktop/altera_max_10/altera_max_10/software/altera_max_10_bsp/\libhal_bsp.a(alt_printf.o) (alt_putchar)
c:/Users/robertmadsen/Desktop/altera_max_10/altera_max_10/software/altera_max_10_bsp/\libhal_bsp.a(alt_putstr.o)
                              obj/default/altera_max_10.o (alt_putstr)
c:/Users/robertmadsen/Desktop/altera_max_10/altera_max_10/software/altera_max_10_bsp/\libhal_bsp.a(alt_usleep.o)
                              obj/default/altera_max_10.o (usleep)
c:/Users/robertmadsen/Desktop/altera_max_10/altera_max_10/software/altera_max_10_bsp/\libhal_bsp.a(alt_sys_init.o)
                              c:/Users/robertmadsen/Desktop/altera_max_10/altera_max_10/software/altera_max_10_bsp/\libhal_bsp.a(alt_main.o) (alt_irq_init)
c:/Users/robertmadsen/Desktop/altera_max_10/altera_max_10/software/altera_max_10_bsp/\libhal_bsp.a(altera_avalon_jtag_uart_write.o)
                              c:/Users/robertmadsen/Desktop/altera_max_10/altera_max_10/software/altera_max_10_bsp/\libhal_bsp.a(alt_putchar.o) (altera_avalon_jtag_uart_write)
c:/Users/robertmadsen/Desktop/altera_max_10/altera_max_10/software/altera_max_10_bsp/\libhal_bsp.a(alt_busy_sleep.o)
                              c:/Users/robertmadsen/Desktop/altera_max_10/altera_max_10/software/altera_max_10_bsp/\libhal_bsp.a(alt_usleep.o) (alt_busy_sleep)
c:/Users/robertmadsen/Desktop/altera_max_10/altera_max_10/software/altera_max_10_bsp/\libhal_bsp.a(alt_dcache_flush_all.o)
                              c:/Users/robertmadsen/Desktop/altera_max_10/altera_max_10/software/altera_max_10_bsp/\libhal_bsp.a(alt_load.o) (alt_dcache_flush_all)
c:/Users/robertmadsen/Desktop/altera_max_10/altera_max_10/software/altera_max_10_bsp/\libhal_bsp.a(alt_icache_flush_all.o)
                              c:/Users/robertmadsen/Desktop/altera_max_10/altera_max_10/software/altera_max_10_bsp/\libhal_bsp.a(alt_load.o) (alt_icache_flush_all)
c:/Users/robertmadsen/Desktop/altera_max_10/altera_max_10/software/altera_max_10_bsp/\libhal_bsp.a(altera_nios2_gen2_irq.o)
                              c:/Users/robertmadsen/Desktop/altera_max_10/altera_max_10/software/altera_max_10_bsp/\libhal_bsp.a(alt_sys_init.o) (altera_nios2_gen2_irq_init)
c:/intelfpga_lite/23.1std/nios2eds/bin/gnu/h-x86_64-mingw32/bin/../lib/gcc/nios2-elf/12.3.1/../../../../../H-x86_64-mingw32/nios2-elf/lib/mno-hw-mul\libsmallc.a(libc_a-memcpy.o)
                              c:/Users/robertmadsen/Desktop/altera_max_10/altera_max_10/software/altera_max_10_bsp/\libhal_bsp.a(alt_load.o) (memcpy)
c:/intelfpga_lite/23.1std/nios2eds/bin/gnu/h-x86_64-mingw32/bin/../lib/gcc/nios2-elf/12.3.1/../../../../../H-x86_64-mingw32/nios2-elf/lib/mno-hw-mul\libsmallc.a(libc_a-strlen.o)
                              c:/Users/robertmadsen/Desktop/altera_max_10/altera_max_10/software/altera_max_10_bsp/\libhal_bsp.a(alt_putstr.o) (strlen)
c:/intelfpga_lite/23.1std/nios2eds/bin/gnu/h-x86_64-mingw32/bin/../lib/gcc/nios2-elf/12.3.1/mno-hw-mul\libgcc.a(lib2-divmod.o)
                              c:/Users/robertmadsen/Desktop/altera_max_10/altera_max_10/software/altera_max_10_bsp/\libhal_bsp.a(alt_busy_sleep.o) (__udivsi3)
c:/intelfpga_lite/23.1std/nios2eds/bin/gnu/h-x86_64-mingw32/bin/../lib/gcc/nios2-elf/12.3.1/mno-hw-mul\libgcc.a(lib2-mul.o)
                              c:/Users/robertmadsen/Desktop/altera_max_10/altera_max_10/software/altera_max_10_bsp/\libhal_bsp.a(alt_busy_sleep.o) (__mulsi3)

Memory Configuration

Name             Origin             Length             Attributes
reset            0x00004000         0x00000020
onchip_memory    0x00004020         0x00003fe0
*default*        0x00000000         0xffffffff

Linker script and memory map

LOAD c:/Users/robertmadsen/Desktop/altera_max_10/altera_max_10/software/altera_max_10_bsp//obj/HAL/src/crt0.o
LOAD obj/default/altera_max_10.o
LOAD c:/intelfpga_lite/23.1std/nios2eds/bin/gnu/h-x86_64-mingw32/bin/../lib/gcc/nios2-elf/12.3.1/../../../../../H-x86_64-mingw32/nios2-elf/lib/mno-hw-mul\libstdc++.a
LOAD c:/intelfpga_lite/23.1std/nios2eds/bin/gnu/h-x86_64-mingw32/bin/../lib/gcc/nios2-elf/12.3.1/../../../../../H-x86_64-mingw32/nios2-elf/lib/mno-hw-mul\libm.a
LOAD c:/intelfpga_lite/23.1std/nios2eds/bin/gnu/h-x86_64-mingw32/bin/../lib/gcc/nios2-elf/12.3.1/mno-hw-mul\libgcc.a
START GROUP
LOAD c:/intelfpga_lite/23.1std/nios2eds/bin/gnu/h-x86_64-mingw32/bin/../lib/gcc/nios2-elf/12.3.1/../../../../../H-x86_64-mingw32/nios2-elf/lib/mno-hw-mul\libsmallc.a
LOAD c:/intelfpga_lite/23.1std/nios2eds/bin/gnu/h-x86_64-mingw32/bin/../lib/gcc/nios2-elf/12.3.1/mno-hw-mul\libgcc.a
LOAD c:/Users/robertmadsen/Desktop/altera_max_10/altera_max_10/software/altera_max_10_bsp/\libhal_bsp.a
LOAD c:/intelfpga_lite/23.1std/nios2eds/bin/gnu/h-x86_64-mingw32/bin/../lib/gcc/nios2-elf/12.3.1/../../../../../H-x86_64-mingw32/nios2-elf/lib/mno-hw-mul\libm.a
END GROUP
LOAD c:/intelfpga_lite/23.1std/nios2eds/bin/gnu/h-x86_64-mingw32/bin/../lib/gcc/nios2-elf/12.3.1/mno-hw-mul\libgcc.a
                0x00004000                        __alt_mem_onchip_memory = 0x4000

.entry          0x00004000       0x20
 *(.entry)
 .entry         0x00004000       0x20 c:/Users/robertmadsen/Desktop/altera_max_10/altera_max_10/software/altera_max_10_bsp//obj/HAL/src/crt0.o
                0x00004000                __reset
                0x0000400c                _exit

.exceptions     0x00004020        0x0
                0x00004020                        PROVIDE (__ram_exceptions_start = ABSOLUTE (.))
                0x00004020                        . = ALIGN (0x20)
 *(.irq)
 *(.exceptions.entry.label)
 *(.exceptions.entry.user)
 *(.exceptions.entry.ecc_fatal)
 *(.exceptions.entry)
 *(.exceptions.irqtest.user)
 *(.exceptions.irqtest)
 *(.exceptions.irqhandler.user)
 *(.exceptions.irqhandler)
 *(.exceptions.irqreturn.user)
 *(.exceptions.irqreturn)
 *(.exceptions.notirq.label)
 *(.exceptions.notirq.user)
 *(.exceptions.notirq)
 *(.exceptions.soft.user)
 *(.exceptions.soft)
 *(.exceptions.unknown.user)
 *(.exceptions.unknown)
 *(.exceptions.exit.label)
 *(.exceptions.exit.user)
 *(.exceptions.exit)
 *(.exceptions)
                0x00004020                        PROVIDE (__ram_exceptions_end = ABSOLUTE (.))
                0x00004020                        PROVIDE (__flash_exceptions_start = LOADADDR (.exceptions))

.text           0x00004020      0x984
                [!provide]                        PROVIDE (stext = ABSOLUTE (.))
 *(.interp)
 *(.hash)
 *(.dynsym)
 *(.dynstr)
 *(.gnu.version)
 *(.gnu.version_d)
 *(.gnu.version_r)
 *(.rel.init)
 *(.rela.init)
 *(.rel.text .rel.text.* .rel.gnu.linkonce.t.*)
 *(.rela.text .rela.text.* .rela.gnu.linkonce.t.*)
 *(.rel.fini)
 *(.rela.fini)
 *(.rel.rodata .rel.rodata.* .rel.gnu.linkonce.r.*)
 *(.rela.rodata .rela.rodata.* .rela.gnu.linkonce.r.*)
 *(.rel.data .rel.data.* .rel.gnu.linkonce.d.*)
 *(.rela.data .rela.data.* .rela.gnu.linkonce.d.*)
 *(.rel.tdata .rel.tdata.* .rel.gnu.linkonce.td.*)
 *(.rela.tdata .rela.tdata.* .rela.gnu.linkonce.td.*)
 *(.rel.tbss .rel.tbss.* .rel.gnu.linkonce.tb.*)
 *(.rela.tbss .rela.tbss.* .rela.gnu.linkonce.tb.*)
 *(.rel.ctors)
 *(.rela.ctors)
 *(.rel.dtors)
 *(.rela.dtors)
 *(.rel.got)
 *(.rela.got)
 *(.rel.sdata .rel.sdata.* .rel.gnu.linkonce.s.*)
 *(.rela.sdata .rela.sdata.* .rela.gnu.linkonce.s.*)
 *(.rel.sbss .rel.sbss.* .rel.gnu.linkonce.sb.*)
 *(.rela.sbss .rela.sbss.* .rela.gnu.linkonce.sb.*)
 *(.rel.sdata2 .rel.sdata2.* .rel.gnu.linkonce.s2.*)
 *(.rela.sdata2 .rela.sdata2.* .rela.gnu.linkonce.s2.*)
 *(.rel.sbss2 .rel.sbss2.* .rel.gnu.linkonce.sb2.*)
 *(.rela.sbss2 .rela.sbss2.* .rela.gnu.linkonce.sb2.*)
 *(.rel.bss .rel.bss.* .rel.gnu.linkonce.b.*)
 *(.rela.bss .rela.bss.* .rela.gnu.linkonce.b.*)
 *(.rel.plt)
 *(.rela.plt)
 *(.rel.dyn)
 *(.init)
 *(.plt)
 *(.text .stub .text.* .gnu.linkonce.t.*)
 .text          0x00004020       0x3c c:/Users/robertmadsen/Desktop/altera_max_10/altera_max_10/software/altera_max_10_bsp//obj/HAL/src/crt0.o
                0x00004020                _start
 .text          0x0000405c      0x388 obj/default/altera_max_10.o
                0x0000405c                return_addr
                0x00004130                print_data
                0x00004278                readAllMem
                0x00004304                readOnboardMem
                0x000043b4                newValue
 .text.startup  0x000043e4       0x34 obj/default/altera_max_10.o
                0x000043e4                main
 .text          0x00004418       0x84 c:/Users/robertmadsen/Desktop/altera_max_10/altera_max_10/software/altera_max_10_bsp/\libhal_bsp.a(alt_load.o)
                0x00004418                alt_load
 .text          0x0000449c       0x2c c:/Users/robertmadsen/Desktop/altera_max_10/altera_max_10/software/altera_max_10_bsp/\libhal_bsp.a(alt_main.o)
                0x0000449c                alt_main
 .text          0x000044c8      0x144 c:/Users/robertmadsen/Desktop/altera_max_10/altera_max_10/software/altera_max_10_bsp/\libhal_bsp.a(alt_printf.o)
                0x000044c8                alt_printf
 .text          0x0000460c       0x48 c:/Users/robertmadsen/Desktop/altera_max_10/altera_max_10/software/altera_max_10_bsp/\libhal_bsp.a(alt_putchar.o)
                0x0000460c                alt_putchar
 .text          0x00004654       0x38 c:/Users/robertmadsen/Desktop/altera_max_10/altera_max_10/software/altera_max_10_bsp/\libhal_bsp.a(alt_putstr.o)
                0x00004654                alt_putstr
 .text          0x0000468c        0x4 c:/Users/robertmadsen/Desktop/altera_max_10/altera_max_10/software/altera_max_10_bsp/\libhal_bsp.a(alt_usleep.o)
                0x0000468c                usleep
 .text          0x00004690       0x24 c:/Users/robertmadsen/Desktop/altera_max_10/altera_max_10/software/altera_max_10_bsp/\libhal_bsp.a(alt_sys_init.o)
                0x00004690                alt_irq_init
                0x000046b0                alt_sys_init
 .text          0x000046b4       0x30 c:/Users/robertmadsen/Desktop/altera_max_10/altera_max_10/software/altera_max_10_bsp/\libhal_bsp.a(altera_avalon_jtag_uart_write.o)
                0x000046b4                altera_avalon_jtag_uart_write
 .text          0x000046e4       0x90 c:/Users/robertmadsen/Desktop/altera_max_10/altera_max_10/software/altera_max_10_bsp/\libhal_bsp.a(alt_busy_sleep.o)
                0x000046e4                alt_busy_sleep
 .text          0x00004774        0x4 c:/Users/robertmadsen/Desktop/altera_max_10/altera_max_10/software/altera_max_10_bsp/\libhal_bsp.a(alt_dcache_flush_all.o)
                0x00004774                alt_dcache_flush_all
 .text          0x00004778        0x4 c:/Users/robertmadsen/Desktop/altera_max_10/altera_max_10/software/altera_max_10_bsp/\libhal_bsp.a(alt_icache_flush_all.o)
                0x00004778                alt_icache_flush_all
 .text          0x0000477c        0x8 c:/Users/robertmadsen/Desktop/altera_max_10/altera_max_10/software/altera_max_10_bsp/\libhal_bsp.a(altera_nios2_gen2_irq.o)
                0x0000477c                altera_nios2_gen2_irq_init
 .text          0x00004784        0x0 c:/intelfpga_lite/23.1std/nios2eds/bin/gnu/h-x86_64-mingw32/bin/../lib/gcc/nios2-elf/12.3.1/../../../../../H-x86_64-mingw32/nios2-elf/lib/mno-hw-mul\libsmallc.a(libc_a-memcpy.o)
 .text.memcpy   0x00004784       0x28 c:/intelfpga_lite/23.1std/nios2eds/bin/gnu/h-x86_64-mingw32/bin/../lib/gcc/nios2-elf/12.3.1/../../../../../H-x86_64-mingw32/nios2-elf/lib/mno-hw-mul\libsmallc.a(libc_a-memcpy.o)
                0x00004784                memcpy
 .text          0x000047ac        0x0 c:/intelfpga_lite/23.1std/nios2eds/bin/gnu/h-x86_64-mingw32/bin/../lib/gcc/nios2-elf/12.3.1/../../../../../H-x86_64-mingw32/nios2-elf/lib/mno-hw-mul\libsmallc.a(libc_a-strlen.o)
 .text.strlen   0x000047ac       0x1c c:/intelfpga_lite/23.1std/nios2eds/bin/gnu/h-x86_64-mingw32/bin/../lib/gcc/nios2-elf/12.3.1/../../../../../H-x86_64-mingw32/nios2-elf/lib/mno-hw-mul\libsmallc.a(libc_a-strlen.o)
                0x000047ac                strlen
 .text          0x000047c8      0x1b4 c:/intelfpga_lite/23.1std/nios2eds/bin/gnu/h-x86_64-mingw32/bin/../lib/gcc/nios2-elf/12.3.1/mno-hw-mul\libgcc.a(lib2-divmod.o)
                0x000047c8                __divsi3
                0x00004848                __modsi3
                0x000048bc                __udivsi3
                0x00004920                __umodsi3
 .text          0x0000497c       0x28 c:/intelfpga_lite/23.1std/nios2eds/bin/gnu/h-x86_64-mingw32/bin/../lib/gcc/nios2-elf/12.3.1/mno-hw-mul\libgcc.a(lib2-mul.o)
                0x0000497c                __mulsi3
 *(.gnu.warning.*)
 *(.fini)
                [!provide]                        PROVIDE (__etext = ABSOLUTE (.))
                [!provide]                        PROVIDE (_etext = ABSOLUTE (.))
                [!provide]                        PROVIDE (etext = ABSOLUTE (.))
 *(.eh_frame_hdr)
                0x000049a4                        . = ALIGN (0x4)
                [!provide]                        PROVIDE (__preinit_array_start = ABSOLUTE (.))
 *(.preinit_array)
                [!provide]                        PROVIDE (__preinit_array_end = ABSOLUTE (.))
                [!provide]                        PROVIDE (__init_array_start = ABSOLUTE (.))
 *(SORT_BY_INIT_PRIORITY(.init_array.*))
 *(.init_array)
                [!provide]                        PROVIDE (__init_array_end = ABSOLUTE (.))
                [!provide]                        PROVIDE (__fini_array_start = ABSOLUTE (.))
 *(.fini_array)
                [!provide]                        PROVIDE (__fini_array_end = ABSOLUTE (.))
 *(.eh_frame)
 *(.gcc_except_table .gcc_except_table.*)
 *(.dynamic)
                [!provide]                        PROVIDE (__CTOR_LIST__ = ABSOLUTE (.))
 *(.ctors)
 *(SORT_BY_NAME(.ctors.*))
                [!provide]                        PROVIDE (__CTOR_END__ = ABSOLUTE (.))
                [!provide]                        PROVIDE (__DTOR_LIST__ = ABSOLUTE (.))
 *(.dtors)
 *(SORT_BY_NAME(.dtors.*))
                [!provide]                        PROVIDE (__DTOR_END__ = ABSOLUTE (.))
 *(.jcr)
                0x000049a4                        . = ALIGN (0x4)

.rodata         0x000049a4      0x164
                0x000049a4                        PROVIDE (__ram_rodata_start = ABSOLUTE (.))
                0x000049a4                        . = ALIGN (0x4)
 *(.rodata .rodata.* .gnu.linkonce.r.*)
 .rodata.str1.4
                0x000049a4      0x163 obj/default/altera_max_10.o
                                0x16f (size before relaxing)
 *(.rodata1)
                0x00004b08                        . = ALIGN (0x4)
 *fill*         0x00004b07        0x1 
                0x00004b08                        PROVIDE (__ram_rodata_end = ABSOLUTE (.))
                0x000049a4                        PROVIDE (__flash_rodata_start = LOADADDR (.rodata))

.rwdata         0x00004b08        0x4 load address 0x00004b0c
                0x00004b08                        PROVIDE (__ram_rwdata_start = ABSOLUTE (.))
                0x00004b08                        . = ALIGN (0x4)
 *(.got.plt)
 *(.got)
 *(.data1)
 *(.data .data.* .gnu.linkonce.d.*)
 .data          0x00004b08        0x0 c:/Users/robertmadsen/Desktop/altera_max_10/altera_max_10/software/altera_max_10_bsp//obj/HAL/src/crt0.o
 .data          0x00004b08        0x0 obj/default/altera_max_10.o
 .data          0x00004b08        0x0 c:/Users/robertmadsen/Desktop/altera_max_10/altera_max_10/software/altera_max_10_bsp/\libhal_bsp.a(alt_load.o)
 .data          0x00004b08        0x0 c:/Users/robertmadsen/Desktop/altera_max_10/altera_max_10/software/altera_max_10_bsp/\libhal_bsp.a(alt_main.o)
 .data          0x00004b08        0x0 c:/Users/robertmadsen/Desktop/altera_max_10/altera_max_10/software/altera_max_10_bsp/\libhal_bsp.a(alt_printf.o)
 .data          0x00004b08        0x0 c:/Users/robertmadsen/Desktop/altera_max_10/altera_max_10/software/altera_max_10_bsp/\libhal_bsp.a(alt_putchar.o)
 .data          0x00004b08        0x0 c:/Users/robertmadsen/Desktop/altera_max_10/altera_max_10/software/altera_max_10_bsp/\libhal_bsp.a(alt_putstr.o)
 .data          0x00004b08        0x0 c:/Users/robertmadsen/Desktop/altera_max_10/altera_max_10/software/altera_max_10_bsp/\libhal_bsp.a(alt_usleep.o)
 .data          0x00004b08        0x0 c:/Users/robertmadsen/Desktop/altera_max_10/altera_max_10/software/altera_max_10_bsp/\libhal_bsp.a(alt_sys_init.o)
 .data          0x00004b08        0x0 c:/Users/robertmadsen/Desktop/altera_max_10/altera_max_10/software/altera_max_10_bsp/\libhal_bsp.a(altera_avalon_jtag_uart_write.o)
 .data          0x00004b08        0x0 c:/Users/robertmadsen/Desktop/altera_max_10/altera_max_10/software/altera_max_10_bsp/\libhal_bsp.a(alt_busy_sleep.o)
 .data          0x00004b08        0x0 c:/Users/robertmadsen/Desktop/altera_max_10/altera_max_10/software/altera_max_10_bsp/\libhal_bsp.a(alt_dcache_flush_all.o)
 .data          0x00004b08        0x0 c:/Users/robertmadsen/Desktop/altera_max_10/altera_max_10/software/altera_max_10_bsp/\libhal_bsp.a(alt_icache_flush_all.o)
 .data          0x00004b08        0x0 c:/Users/robertmadsen/Desktop/altera_max_10/altera_max_10/software/altera_max_10_bsp/\libhal_bsp.a(altera_nios2_gen2_irq.o)
 .data          0x00004b08        0x0 c:/intelfpga_lite/23.1std/nios2eds/bin/gnu/h-x86_64-mingw32/bin/../lib/gcc/nios2-elf/12.3.1/../../../../../H-x86_64-mingw32/nios2-elf/lib/mno-hw-mul\libsmallc.a(libc_a-memcpy.o)
 .data          0x00004b08        0x0 c:/intelfpga_lite/23.1std/nios2eds/bin/gnu/h-x86_64-mingw32/bin/../lib/gcc/nios2-elf/12.3.1/../../../../../H-x86_64-mingw32/nios2-elf/lib/mno-hw-mul\libsmallc.a(libc_a-strlen.o)
 .data          0x00004b08        0x0 c:/intelfpga_lite/23.1std/nios2eds/bin/gnu/h-x86_64-mingw32/bin/../lib/gcc/nios2-elf/12.3.1/mno-hw-mul\libgcc.a(lib2-divmod.o)
 .data          0x00004b08        0x0 c:/intelfpga_lite/23.1std/nios2eds/bin/gnu/h-x86_64-mingw32/bin/../lib/gcc/nios2-elf/12.3.1/mno-hw-mul\libgcc.a(lib2-mul.o)
                0x0000cb08                        _gp = ABSOLUTE ((. + 0x8000))
                [!provide]                        PROVIDE (gp = _gp)
 *(.rwdata .rwdata.*)
 *(.sdata .sdata.* .gnu.linkonce.s.*)
 .sdata         0x00004b08        0x4 c:/Users/robertmadsen/Desktop/altera_max_10/altera_max_10/software/altera_max_10_bsp/\libhal_bsp.a(alt_sys_init.o)
                0x00004b08                uart
 *(.sdata2 .sdata2.* .gnu.linkonce.s2.*)
                0x00004b0c                        . = ALIGN (0x4)
                0x00004b0c                        _edata = ABSOLUTE (.)
                [!provide]                        PROVIDE (edata = ABSOLUTE (.))
                0x00004b0c                        PROVIDE (__ram_rwdata_end = ABSOLUTE (.))
                0x00004b0c                        PROVIDE (__flash_rwdata_start = LOADADDR (.rwdata))

.bss            0x00004b10        0xc
                0x00004b10                        __bss_start = ABSOLUTE (.)
                [!provide]                        PROVIDE (__sbss_start = ABSOLUTE (.))
                [!provide]                        PROVIDE (___sbss_start = ABSOLUTE (.))
 *(.dynsbss)
 *(.sbss .sbss.* .gnu.linkonce.sb.*)
 .sbss          0x00004b10        0xc c:/Users/robertmadsen/Desktop/altera_max_10/altera_max_10/software/altera_max_10_bsp/\libhal_bsp.a(alt_main.o)
                0x00004b10                alt_envp
                0x00004b14                alt_argv
                0x00004b18                alt_argc
 *(.sbss2 .sbss2.* .gnu.linkonce.sb2.*)
 *(.scommon)
                [!provide]                        PROVIDE (__sbss_end = ABSOLUTE (.))
                [!provide]                        PROVIDE (___sbss_end = ABSOLUTE (.))
 *(.dynbss)
 *(.bss .bss.* .gnu.linkonce.b.*)
 .bss           0x00004b1c        0x0 c:/Users/robertmadsen/Desktop/altera_max_10/altera_max_10/software/altera_max_10_bsp//obj/HAL/src/crt0.o
 .bss           0x00004b1c        0x0 obj/default/altera_max_10.o
 .bss           0x00004b1c        0x0 c:/Users/robertmadsen/Desktop/altera_max_10/altera_max_10/software/altera_max_10_bsp/\libhal_bsp.a(alt_load.o)
 .bss           0x00004b1c        0x0 c:/Users/robertmadsen/Desktop/altera_max_10/altera_max_10/software/altera_max_10_bsp/\libhal_bsp.a(alt_main.o)
 .bss           0x00004b1c        0x0 c:/Users/robertmadsen/Desktop/altera_max_10/altera_max_10/software/altera_max_10_bsp/\libhal_bsp.a(alt_printf.o)
 .bss           0x00004b1c        0x0 c:/Users/robertmadsen/Desktop/altera_max_10/altera_max_10/software/altera_max_10_bsp/\libhal_bsp.a(alt_putchar.o)
 .bss           0x00004b1c        0x0 c:/Users/robertmadsen/Desktop/altera_max_10/altera_max_10/software/altera_max_10_bsp/\libhal_bsp.a(alt_putstr.o)
 .bss           0x00004b1c        0x0 c:/Users/robertmadsen/Desktop/altera_max_10/altera_max_10/software/altera_max_10_bsp/\libhal_bsp.a(alt_usleep.o)
 .bss           0x00004b1c        0x0 c:/Users/robertmadsen/Desktop/altera_max_10/altera_max_10/software/altera_max_10_bsp/\libhal_bsp.a(alt_sys_init.o)
 .bss           0x00004b1c        0x0 c:/Users/robertmadsen/Desktop/altera_max_10/altera_max_10/software/altera_max_10_bsp/\libhal_bsp.a(altera_avalon_jtag_uart_write.o)
 .bss           0x00004b1c        0x0 c:/Users/robertmadsen/Desktop/altera_max_10/altera_max_10/software/altera_max_10_bsp/\libhal_bsp.a(alt_busy_sleep.o)
 .bss           0x00004b1c        0x0 c:/Users/robertmadsen/Desktop/altera_max_10/altera_max_10/software/altera_max_10_bsp/\libhal_bsp.a(alt_dcache_flush_all.o)
 .bss           0x00004b1c        0x0 c:/Users/robertmadsen/Desktop/altera_max_10/altera_max_10/software/altera_max_10_bsp/\libhal_bsp.a(alt_icache_flush_all.o)
 .bss           0x00004b1c        0x0 c:/Users/robertmadsen/Desktop/altera_max_10/altera_max_10/software/altera_max_10_bsp/\libhal_bsp.a(altera_nios2_gen2_irq.o)
 .bss           0x00004b1c        0x0 c:/intelfpga_lite/23.1std/nios2eds/bin/gnu/h-x86_64-mingw32/bin/../lib/gcc/nios2-elf/12.3.1/../../../../../H-x86_64-mingw32/nios2-elf/lib/mno-hw-mul\libsmallc.a(libc_a-memcpy.o)
 .bss           0x00004b1c        0x0 c:/intelfpga_lite/23.1std/nios2eds/bin/gnu/h-x86_64-mingw32/bin/../lib/gcc/nios2-elf/12.3.1/../../../../../H-x86_64-mingw32/nios2-elf/lib/mno-hw-mul\libsmallc.a(libc_a-strlen.o)
 .bss           0x00004b1c        0x0 c:/intelfpga_lite/23.1std/nios2eds/bin/gnu/h-x86_64-mingw32/bin/../lib/gcc/nios2-elf/12.3.1/mno-hw-mul\libgcc.a(lib2-divmod.o)
 .bss           0x00004b1c        0x0 c:/intelfpga_lite/23.1std/nios2eds/bin/gnu/h-x86_64-mingw32/bin/../lib/gcc/nios2-elf/12.3.1/mno-hw-mul\libgcc.a(lib2-mul.o)
 *(COMMON)
                0x00004b1c                        . = ALIGN (0x4)
                0x00004b1c                        __bss_end = ABSOLUTE (.)

.onchip_memory  0x00004b1c        0x0
                [!provide]                        PROVIDE (_alt_partition_onchip_memory_start = ABSOLUTE (.))
 *(.onchip_memory .onchip_memory. onchip_memory.*)
                0x00004b1c                        . = ALIGN (0x4)
                [!provide]                        PROVIDE (_alt_partition_onchip_memory_end = ABSOLUTE (.))
                0x00004b1c                        _end = ABSOLUTE (.)
                0x00004b1c                        end = ABSOLUTE (.)
                0x00004b1c                        __alt_stack_base = ABSOLUTE (.)
                [!provide]                        PROVIDE (_alt_partition_onchip_memory_load_addr = LOADADDR (.onchip_memory))

.stab
 *(.stab)

.stabstr
 *(.stabstr)

.stab.excl
 *(.stab.excl)

.stab.exclstr
 *(.stab.exclstr)

.stab.index
 *(.stab.index)

.stab.indexstr
 *(.stab.indexstr)

.comment        0x00000000       0x2d
 *(.comment)
 .comment       0x00000000       0x2d obj/default/altera_max_10.o
                                 0x2e (size before relaxing)
 .comment       0x0000002d       0x2e c:/Users/robertmadsen/Desktop/altera_max_10/altera_max_10/software/altera_max_10_bsp/\libhal_bsp.a(alt_load.o)
 .comment       0x0000002d       0x2e c:/Users/robertmadsen/Desktop/altera_max_10/altera_max_10/software/altera_max_10_bsp/\libhal_bsp.a(alt_main.o)
 .comment       0x0000002d       0x2e c:/Users/robertmadsen/Desktop/altera_max_10/altera_max_10/software/altera_max_10_bsp/\libhal_bsp.a(alt_printf.o)
 .comment       0x0000002d       0x2e c:/Users/robertmadsen/Desktop/altera_max_10/altera_max_10/software/altera_max_10_bsp/\libhal_bsp.a(alt_putchar.o)
 .comment       0x0000002d       0x2e c:/Users/robertmadsen/Desktop/altera_max_10/altera_max_10/software/altera_max_10_bsp/\libhal_bsp.a(alt_putstr.o)
 .comment       0x0000002d       0x2e c:/Users/robertmadsen/Desktop/altera_max_10/altera_max_10/software/altera_max_10_bsp/\libhal_bsp.a(alt_usleep.o)
 .comment       0x0000002d       0x2e c:/Users/robertmadsen/Desktop/altera_max_10/altera_max_10/software/altera_max_10_bsp/\libhal_bsp.a(alt_sys_init.o)
 .comment       0x0000002d       0x2e c:/Users/robertmadsen/Desktop/altera_max_10/altera_max_10/software/altera_max_10_bsp/\libhal_bsp.a(altera_avalon_jtag_uart_write.o)
 .comment       0x0000002d       0x2e c:/Users/robertmadsen/Desktop/altera_max_10/altera_max_10/software/altera_max_10_bsp/\libhal_bsp.a(alt_busy_sleep.o)
 .comment       0x0000002d       0x2e c:/Users/robertmadsen/Desktop/altera_max_10/altera_max_10/software/altera_max_10_bsp/\libhal_bsp.a(alt_dcache_flush_all.o)
 .comment       0x0000002d       0x2e c:/Users/robertmadsen/Desktop/altera_max_10/altera_max_10/software/altera_max_10_bsp/\libhal_bsp.a(alt_icache_flush_all.o)
 .comment       0x0000002d       0x2e c:/Users/robertmadsen/Desktop/altera_max_10/altera_max_10/software/altera_max_10_bsp/\libhal_bsp.a(altera_nios2_gen2_irq.o)
 .comment       0x0000002d       0x2e c:/intelfpga_lite/23.1std/nios2eds/bin/gnu/h-x86_64-mingw32/bin/../lib/gcc/nios2-elf/12.3.1/../../../../../H-x86_64-mingw32/nios2-elf/lib/mno-hw-mul\libsmallc.a(libc_a-memcpy.o)
 .comment       0x0000002d       0x2e c:/intelfpga_lite/23.1std/nios2eds/bin/gnu/h-x86_64-mingw32/bin/../lib/gcc/nios2-elf/12.3.1/../../../../../H-x86_64-mingw32/nios2-elf/lib/mno-hw-mul\libsmallc.a(libc_a-strlen.o)
 .comment       0x0000002d       0x2e c:/intelfpga_lite/23.1std/nios2eds/bin/gnu/h-x86_64-mingw32/bin/../lib/gcc/nios2-elf/12.3.1/mno-hw-mul\libgcc.a(lib2-divmod.o)
 .comment       0x0000002d       0x2e c:/intelfpga_lite/23.1std/nios2eds/bin/gnu/h-x86_64-mingw32/bin/../lib/gcc/nios2-elf/12.3.1/mno-hw-mul\libgcc.a(lib2-mul.o)

.debug
 *(.debug)

.line
 *(.line)

.debug_srcinfo
 *(.debug_srcinfo)

.debug_sfnames
 *(.debug_sfnames)

.debug_aranges  0x00000000      0x250
 *(.debug_aranges)
 .debug_aranges
                0x00000000       0x28 c:/Users/robertmadsen/Desktop/altera_max_10/altera_max_10/software/altera_max_10_bsp//obj/HAL/src/crt0.o
 .debug_aranges
                0x00000028       0x28 obj/default/altera_max_10.o
 .debug_aranges
                0x00000050       0x20 c:/Users/robertmadsen/Desktop/altera_max_10/altera_max_10/software/altera_max_10_bsp/\libhal_bsp.a(alt_load.o)
 .debug_aranges
                0x00000070       0x20 c:/Users/robertmadsen/Desktop/altera_max_10/altera_max_10/software/altera_max_10_bsp/\libhal_bsp.a(alt_main.o)
 .debug_aranges
                0x00000090       0x20 c:/Users/robertmadsen/Desktop/altera_max_10/altera_max_10/software/altera_max_10_bsp/\libhal_bsp.a(alt_printf.o)
 .debug_aranges
                0x000000b0       0x20 c:/Users/robertmadsen/Desktop/altera_max_10/altera_max_10/software/altera_max_10_bsp/\libhal_bsp.a(alt_putchar.o)
 .debug_aranges
                0x000000d0       0x20 c:/Users/robertmadsen/Desktop/altera_max_10/altera_max_10/software/altera_max_10_bsp/\libhal_bsp.a(alt_putstr.o)
 .debug_aranges
                0x000000f0       0x20 c:/Users/robertmadsen/Desktop/altera_max_10/altera_max_10/software/altera_max_10_bsp/\libhal_bsp.a(alt_usleep.o)
 .debug_aranges
                0x00000110       0x20 c:/Users/robertmadsen/Desktop/altera_max_10/altera_max_10/software/altera_max_10_bsp/\libhal_bsp.a(alt_sys_init.o)
 .debug_aranges
                0x00000130       0x20 c:/Users/robertmadsen/Desktop/altera_max_10/altera_max_10/software/altera_max_10_bsp/\libhal_bsp.a(altera_avalon_jtag_uart_write.o)
 .debug_aranges
                0x00000150       0x20 c:/Users/robertmadsen/Desktop/altera_max_10/altera_max_10/software/altera_max_10_bsp/\libhal_bsp.a(alt_busy_sleep.o)
 .debug_aranges
                0x00000170       0x20 c:/Users/robertmadsen/Desktop/altera_max_10/altera_max_10/software/altera_max_10_bsp/\libhal_bsp.a(alt_dcache_flush_all.o)
 .debug_aranges
                0x00000190       0x20 c:/Users/robertmadsen/Desktop/altera_max_10/altera_max_10/software/altera_max_10_bsp/\libhal_bsp.a(alt_icache_flush_all.o)
 .debug_aranges
                0x000001b0       0x20 c:/Users/robertmadsen/Desktop/altera_max_10/altera_max_10/software/altera_max_10_bsp/\libhal_bsp.a(altera_nios2_gen2_irq.o)
 .debug_aranges
                0x000001d0       0x20 c:/intelfpga_lite/23.1std/nios2eds/bin/gnu/h-x86_64-mingw32/bin/../lib/gcc/nios2-elf/12.3.1/../../../../../H-x86_64-mingw32/nios2-elf/lib/mno-hw-mul\libsmallc.a(libc_a-memcpy.o)
 .debug_aranges
                0x000001f0       0x20 c:/intelfpga_lite/23.1std/nios2eds/bin/gnu/h-x86_64-mingw32/bin/../lib/gcc/nios2-elf/12.3.1/../../../../../H-x86_64-mingw32/nios2-elf/lib/mno-hw-mul\libsmallc.a(libc_a-strlen.o)
 .debug_aranges
                0x00000210       0x20 c:/intelfpga_lite/23.1std/nios2eds/bin/gnu/h-x86_64-mingw32/bin/../lib/gcc/nios2-elf/12.3.1/mno-hw-mul\libgcc.a(lib2-divmod.o)
 .debug_aranges
                0x00000230       0x20 c:/intelfpga_lite/23.1std/nios2eds/bin/gnu/h-x86_64-mingw32/bin/../lib/gcc/nios2-elf/12.3.1/mno-hw-mul\libgcc.a(lib2-mul.o)

.debug_pubnames
 *(.debug_pubnames)

.debug_info     0x00000000     0x1804
 *(.debug_info .gnu.linkonce.wi.*)
 .debug_info    0x00000000       0x3f c:/Users/robertmadsen/Desktop/altera_max_10/altera_max_10/software/altera_max_10_bsp//obj/HAL/src/crt0.o
 .debug_info    0x0000003f      0x440 obj/default/altera_max_10.o
 .debug_info    0x0000047f      0x239 c:/Users/robertmadsen/Desktop/altera_max_10/altera_max_10/software/altera_max_10_bsp/\libhal_bsp.a(alt_load.o)
 .debug_info    0x000006b8      0x13e c:/Users/robertmadsen/Desktop/altera_max_10/altera_max_10/software/altera_max_10_bsp/\libhal_bsp.a(alt_main.o)
 .debug_info    0x000007f6      0x17e c:/Users/robertmadsen/Desktop/altera_max_10/altera_max_10/software/altera_max_10_bsp/\libhal_bsp.a(alt_printf.o)
 .debug_info    0x00000974      0x130 c:/Users/robertmadsen/Desktop/altera_max_10/altera_max_10/software/altera_max_10_bsp/\libhal_bsp.a(alt_putchar.o)
 .debug_info    0x00000aa4      0x15c c:/Users/robertmadsen/Desktop/altera_max_10/altera_max_10/software/altera_max_10_bsp/\libhal_bsp.a(alt_putstr.o)
 .debug_info    0x00000c00       0xe4 c:/Users/robertmadsen/Desktop/altera_max_10/altera_max_10/software/altera_max_10_bsp/\libhal_bsp.a(alt_usleep.o)
 .debug_info    0x00000ce4      0x127 c:/Users/robertmadsen/Desktop/altera_max_10/altera_max_10/software/altera_max_10_bsp/\libhal_bsp.a(alt_sys_init.o)
 .debug_info    0x00000e0b      0x149 c:/Users/robertmadsen/Desktop/altera_max_10/altera_max_10/software/altera_max_10_bsp/\libhal_bsp.a(altera_avalon_jtag_uart_write.o)
 .debug_info    0x00000f54      0x10c c:/Users/robertmadsen/Desktop/altera_max_10/altera_max_10/software/altera_max_10_bsp/\libhal_bsp.a(alt_busy_sleep.o)
 .debug_info    0x00001060       0x8d c:/Users/robertmadsen/Desktop/altera_max_10/altera_max_10/software/altera_max_10_bsp/\libhal_bsp.a(alt_dcache_flush_all.o)
 .debug_info    0x000010ed       0x8d c:/Users/robertmadsen/Desktop/altera_max_10/altera_max_10/software/altera_max_10_bsp/\libhal_bsp.a(alt_icache_flush_all.o)
 .debug_info    0x0000117a       0x8d c:/Users/robertmadsen/Desktop/altera_max_10/altera_max_10/software/altera_max_10_bsp/\libhal_bsp.a(altera_nios2_gen2_irq.o)
 .debug_info    0x00001207      0x121 c:/intelfpga_lite/23.1std/nios2eds/bin/gnu/h-x86_64-mingw32/bin/../lib/gcc/nios2-elf/12.3.1/../../../../../H-x86_64-mingw32/nios2-elf/lib/mno-hw-mul\libsmallc.a(libc_a-memcpy.o)
 .debug_info    0x00001328       0xd1 c:/intelfpga_lite/23.1std/nios2eds/bin/gnu/h-x86_64-mingw32/bin/../lib/gcc/nios2-elf/12.3.1/../../../../../H-x86_64-mingw32/nios2-elf/lib/mno-hw-mul\libsmallc.a(libc_a-strlen.o)
 .debug_info    0x000013f9      0x347 c:/intelfpga_lite/23.1std/nios2eds/bin/gnu/h-x86_64-mingw32/bin/../lib/gcc/nios2-elf/12.3.1/mno-hw-mul\libgcc.a(lib2-divmod.o)
 .debug_info    0x00001740       0xc4 c:/intelfpga_lite/23.1std/nios2eds/bin/gnu/h-x86_64-mingw32/bin/../lib/gcc/nios2-elf/12.3.1/mno-hw-mul\libgcc.a(lib2-mul.o)

.debug_abbrev   0x00000000      0xd79
 *(.debug_abbrev)
 .debug_abbrev  0x00000000       0x1f c:/Users/robertmadsen/Desktop/altera_max_10/altera_max_10/software/altera_max_10_bsp//obj/HAL/src/crt0.o
 .debug_abbrev  0x0000001f      0x1c0 obj/default/altera_max_10.o
 .debug_abbrev  0x000001df      0x12c c:/Users/robertmadsen/Desktop/altera_max_10/altera_max_10/software/altera_max_10_bsp/\libhal_bsp.a(alt_load.o)
 .debug_abbrev  0x0000030b       0xeb c:/Users/robertmadsen/Desktop/altera_max_10/altera_max_10/software/altera_max_10_bsp/\libhal_bsp.a(alt_main.o)
 .debug_abbrev  0x000003f6      0x10d c:/Users/robertmadsen/Desktop/altera_max_10/altera_max_10/software/altera_max_10_bsp/\libhal_bsp.a(alt_printf.o)
 .debug_abbrev  0x00000503       0xca c:/Users/robertmadsen/Desktop/altera_max_10/altera_max_10/software/altera_max_10_bsp/\libhal_bsp.a(alt_putchar.o)
 .debug_abbrev  0x000005cd       0xd3 c:/Users/robertmadsen/Desktop/altera_max_10/altera_max_10/software/altera_max_10_bsp/\libhal_bsp.a(alt_putstr.o)
 .debug_abbrev  0x000006a0       0x9b c:/Users/robertmadsen/Desktop/altera_max_10/altera_max_10/software/altera_max_10_bsp/\libhal_bsp.a(alt_usleep.o)
 .debug_abbrev  0x0000073b      0x107 c:/Users/robertmadsen/Desktop/altera_max_10/altera_max_10/software/altera_max_10_bsp/\libhal_bsp.a(alt_sys_init.o)
 .debug_abbrev  0x00000842       0xdc c:/Users/robertmadsen/Desktop/altera_max_10/altera_max_10/software/altera_max_10_bsp/\libhal_bsp.a(altera_avalon_jtag_uart_write.o)
 .debug_abbrev  0x0000091e       0xb9 c:/Users/robertmadsen/Desktop/altera_max_10/altera_max_10/software/altera_max_10_bsp/\libhal_bsp.a(alt_busy_sleep.o)
 .debug_abbrev  0x000009d7       0x43 c:/Users/robertmadsen/Desktop/altera_max_10/altera_max_10/software/altera_max_10_bsp/\libhal_bsp.a(alt_dcache_flush_all.o)
 .debug_abbrev  0x00000a1a       0x43 c:/Users/robertmadsen/Desktop/altera_max_10/altera_max_10/software/altera_max_10_bsp/\libhal_bsp.a(alt_icache_flush_all.o)
 .debug_abbrev  0x00000a5d       0x43 c:/Users/robertmadsen/Desktop/altera_max_10/altera_max_10/software/altera_max_10_bsp/\libhal_bsp.a(altera_nios2_gen2_irq.o)
 .debug_abbrev  0x00000aa0       0xc1 c:/intelfpga_lite/23.1std/nios2eds/bin/gnu/h-x86_64-mingw32/bin/../lib/gcc/nios2-elf/12.3.1/../../../../../H-x86_64-mingw32/nios2-elf/lib/mno-hw-mul\libsmallc.a(libc_a-memcpy.o)
 .debug_abbrev  0x00000b61       0x8c c:/intelfpga_lite/23.1std/nios2eds/bin/gnu/h-x86_64-mingw32/bin/../lib/gcc/nios2-elf/12.3.1/../../../../../H-x86_64-mingw32/nios2-elf/lib/mno-hw-mul\libsmallc.a(libc_a-strlen.o)
 .debug_abbrev  0x00000bed      0x10c c:/intelfpga_lite/23.1std/nios2eds/bin/gnu/h-x86_64-mingw32/bin/../lib/gcc/nios2-elf/12.3.1/mno-hw-mul\libgcc.a(lib2-divmod.o)
 .debug_abbrev  0x00000cf9       0x80 c:/intelfpga_lite/23.1std/nios2eds/bin/gnu/h-x86_64-mingw32/bin/../lib/gcc/nios2-elf/12.3.1/mno-hw-mul\libgcc.a(lib2-mul.o)

.debug_line     0x00000000      0xf25
 *(.debug_line)
 .debug_line    0x00000000       0x66 c:/Users/robertmadsen/Desktop/altera_max_10/altera_max_10/software/altera_max_10_bsp//obj/HAL/src/crt0.o
 .debug_line    0x00000066      0x305 obj/default/altera_max_10.o
 .debug_line    0x0000036b       0xd2 c:/Users/robertmadsen/Desktop/altera_max_10/altera_max_10/software/altera_max_10_bsp/\libhal_bsp.a(alt_load.o)
 .debug_line    0x0000043d       0xa2 c:/Users/robertmadsen/Desktop/altera_max_10/altera_max_10/software/altera_max_10_bsp/\libhal_bsp.a(alt_main.o)
 .debug_line    0x000004df      0x177 c:/Users/robertmadsen/Desktop/altera_max_10/altera_max_10/software/altera_max_10_bsp/\libhal_bsp.a(alt_printf.o)
 .debug_line    0x00000656       0x82 c:/Users/robertmadsen/Desktop/altera_max_10/altera_max_10/software/altera_max_10_bsp/\libhal_bsp.a(alt_putchar.o)
 .debug_line    0x000006d8       0x79 c:/Users/robertmadsen/Desktop/altera_max_10/altera_max_10/software/altera_max_10_bsp/\libhal_bsp.a(alt_putstr.o)
 .debug_line    0x00000751       0x70 c:/Users/robertmadsen/Desktop/altera_max_10/altera_max_10/software/altera_max_10_bsp/\libhal_bsp.a(alt_usleep.o)
 .debug_line    0x000007c1       0x8e c:/Users/robertmadsen/Desktop/altera_max_10/altera_max_10/software/altera_max_10_bsp/\libhal_bsp.a(alt_sys_init.o)
 .debug_line    0x0000084f       0x93 c:/Users/robertmadsen/Desktop/altera_max_10/altera_max_10/software/altera_max_10_bsp/\libhal_bsp.a(altera_avalon_jtag_uart_write.o)
 .debug_line    0x000008e2       0xe2 c:/Users/robertmadsen/Desktop/altera_max_10/altera_max_10/software/altera_max_10_bsp/\libhal_bsp.a(alt_busy_sleep.o)
 .debug_line    0x000009c4       0x4e c:/Users/robertmadsen/Desktop/altera_max_10/altera_max_10/software/altera_max_10_bsp/\libhal_bsp.a(alt_dcache_flush_all.o)
 .debug_line    0x00000a12       0x4c c:/Users/robertmadsen/Desktop/altera_max_10/altera_max_10/software/altera_max_10_bsp/\libhal_bsp.a(alt_icache_flush_all.o)
 .debug_line    0x00000a5e       0x54 c:/Users/robertmadsen/Desktop/altera_max_10/altera_max_10/software/altera_max_10_bsp/\libhal_bsp.a(altera_nios2_gen2_irq.o)
 .debug_line    0x00000ab2       0x8c c:/intelfpga_lite/23.1std/nios2eds/bin/gnu/h-x86_64-mingw32/bin/../lib/gcc/nios2-elf/12.3.1/../../../../../H-x86_64-mingw32/nios2-elf/lib/mno-hw-mul\libsmallc.a(libc_a-memcpy.o)
 .debug_line    0x00000b3e       0x7c c:/intelfpga_lite/23.1std/nios2eds/bin/gnu/h-x86_64-mingw32/bin/../lib/gcc/nios2-elf/12.3.1/../../../../../H-x86_64-mingw32/nios2-elf/lib/mno-hw-mul\libsmallc.a(libc_a-strlen.o)
 .debug_line    0x00000bba      0x2e3 c:/intelfpga_lite/23.1std/nios2eds/bin/gnu/h-x86_64-mingw32/bin/../lib/gcc/nios2-elf/12.3.1/mno-hw-mul\libgcc.a(lib2-divmod.o)
 .debug_line    0x00000e9d       0x88 c:/intelfpga_lite/23.1std/nios2eds/bin/gnu/h-x86_64-mingw32/bin/../lib/gcc/nios2-elf/12.3.1/mno-hw-mul\libgcc.a(lib2-mul.o)

.debug_frame    0x00000000      0x3c0
 *(.debug_frame)
 .debug_frame   0x00000000      0x104 obj/default/altera_max_10.o
 .debug_frame   0x00000104       0x2c c:/Users/robertmadsen/Desktop/altera_max_10/altera_max_10/software/altera_max_10_bsp/\libhal_bsp.a(alt_load.o)
 .debug_frame   0x00000130       0x2c c:/Users/robertmadsen/Desktop/altera_max_10/altera_max_10/software/altera_max_10_bsp/\libhal_bsp.a(alt_main.o)
 .debug_frame   0x0000015c       0x44 c:/Users/robertmadsen/Desktop/altera_max_10/altera_max_10/software/altera_max_10_bsp/\libhal_bsp.a(alt_printf.o)
 .debug_frame   0x000001a0       0x30 c:/Users/robertmadsen/Desktop/altera_max_10/altera_max_10/software/altera_max_10_bsp/\libhal_bsp.a(alt_putchar.o)
 .debug_frame   0x000001d0       0x30 c:/Users/robertmadsen/Desktop/altera_max_10/altera_max_10/software/altera_max_10_bsp/\libhal_bsp.a(alt_putstr.o)
 .debug_frame   0x00000200       0x20 c:/Users/robertmadsen/Desktop/altera_max_10/altera_max_10/software/altera_max_10_bsp/\libhal_bsp.a(alt_usleep.o)
 .debug_frame   0x00000220       0x3c c:/Users/robertmadsen/Desktop/altera_max_10/altera_max_10/software/altera_max_10_bsp/\libhal_bsp.a(alt_sys_init.o)
 .debug_frame   0x0000025c       0x20 c:/Users/robertmadsen/Desktop/altera_max_10/altera_max_10/software/altera_max_10_bsp/\libhal_bsp.a(altera_avalon_jtag_uart_write.o)
 .debug_frame   0x0000027c       0x34 c:/Users/robertmadsen/Desktop/altera_max_10/altera_max_10/software/altera_max_10_bsp/\libhal_bsp.a(alt_busy_sleep.o)
 .debug_frame   0x000002b0       0x20 c:/Users/robertmadsen/Desktop/altera_max_10/altera_max_10/software/altera_max_10_bsp/\libhal_bsp.a(alt_dcache_flush_all.o)
 .debug_frame   0x000002d0       0x20 c:/Users/robertmadsen/Desktop/altera_max_10/altera_max_10/software/altera_max_10_bsp/\libhal_bsp.a(alt_icache_flush_all.o)
 .debug_frame   0x000002f0       0x20 c:/Users/robertmadsen/Desktop/altera_max_10/altera_max_10/software/altera_max_10_bsp/\libhal_bsp.a(altera_nios2_gen2_irq.o)
 .debug_frame   0x00000310       0x20 c:/intelfpga_lite/23.1std/nios2eds/bin/gnu/h-x86_64-mingw32/bin/../lib/gcc/nios2-elf/12.3.1/../../../../../H-x86_64-mingw32/nios2-elf/lib/mno-hw-mul\libsmallc.a(libc_a-memcpy.o)
 .debug_frame   0x00000330       0x20 c:/intelfpga_lite/23.1std/nios2eds/bin/gnu/h-x86_64-mingw32/bin/../lib/gcc/nios2-elf/12.3.1/../../../../../H-x86_64-mingw32/nios2-elf/lib/mno-hw-mul\libsmallc.a(libc_a-strlen.o)
 .debug_frame   0x00000350       0x50 c:/intelfpga_lite/23.1std/nios2eds/bin/gnu/h-x86_64-mingw32/bin/../lib/gcc/nios2-elf/12.3.1/mno-hw-mul\libgcc.a(lib2-divmod.o)
 .debug_frame   0x000003a0       0x20 c:/intelfpga_lite/23.1std/nios2eds/bin/gnu/h-x86_64-mingw32/bin/../lib/gcc/nios2-elf/12.3.1/mno-hw-mul\libgcc.a(lib2-mul.o)

.debug_str      0x00000000      0x5e7
 *(.debug_str)
 .debug_str     0x00000000       0x7b c:/Users/robertmadsen/Desktop/altera_max_10/altera_max_10/software/altera_max_10_bsp//obj/HAL/src/crt0.o
                                 0x82 (size before relaxing)
 .debug_str     0x0000007b      0x183 obj/default/altera_max_10.o
                                0x1cb (size before relaxing)
 .debug_str     0x000001fe      0x119 c:/Users/robertmadsen/Desktop/altera_max_10/altera_max_10/software/altera_max_10_bsp/\libhal_bsp.a(alt_load.o)
                                0x208 (size before relaxing)
 .debug_str     0x00000317       0x4b c:/Users/robertmadsen/Desktop/altera_max_10/altera_max_10/software/altera_max_10_bsp/\libhal_bsp.a(alt_main.o)
                                0x138 (size before relaxing)
 .debug_str     0x00000362       0x44 c:/Users/robertmadsen/Desktop/altera_max_10/altera_max_10/software/altera_max_10_bsp/\libhal_bsp.a(alt_printf.o)
                                 0xc1 (size before relaxing)
 .debug_str     0x000003a6       0x43 c:/Users/robertmadsen/Desktop/altera_max_10/altera_max_10/software/altera_max_10_bsp/\libhal_bsp.a(alt_putchar.o)
                                0x137 (size before relaxing)
 .debug_str     0x000003e9        0x7 c:/Users/robertmadsen/Desktop/altera_max_10/altera_max_10/software/altera_max_10_bsp/\libhal_bsp.a(alt_putstr.o)
                                0x144 (size before relaxing)
 .debug_str     0x000003f0       0x1c c:/Users/robertmadsen/Desktop/altera_max_10/altera_max_10/software/altera_max_10_bsp/\libhal_bsp.a(alt_usleep.o)
                                0x116 (size before relaxing)
 .debug_str     0x0000040c       0x5c c:/Users/robertmadsen/Desktop/altera_max_10/altera_max_10/software/altera_max_10_bsp/\libhal_bsp.a(alt_sys_init.o)
                                0x183 (size before relaxing)
 .debug_str     0x00000468        0x6 c:/Users/robertmadsen/Desktop/altera_max_10/altera_max_10/software/altera_max_10_bsp/\libhal_bsp.a(altera_avalon_jtag_uart_write.o)
                                0x15c (size before relaxing)
 .debug_str     0x0000046e       0x2d c:/Users/robertmadsen/Desktop/altera_max_10/altera_max_10/software/altera_max_10_bsp/\libhal_bsp.a(alt_busy_sleep.o)
                                0x12c (size before relaxing)
 .debug_str     0x0000049b       0xfd c:/Users/robertmadsen/Desktop/altera_max_10/altera_max_10/software/altera_max_10_bsp/\libhal_bsp.a(alt_dcache_flush_all.o)
 .debug_str     0x0000049b       0xfd c:/Users/robertmadsen/Desktop/altera_max_10/altera_max_10/software/altera_max_10_bsp/\libhal_bsp.a(alt_icache_flush_all.o)
 .debug_str     0x0000049b      0x103 c:/Users/robertmadsen/Desktop/altera_max_10/altera_max_10/software/altera_max_10_bsp/\libhal_bsp.a(altera_nios2_gen2_irq.o)
 .debug_str     0x0000049b       0x7f c:/intelfpga_lite/23.1std/nios2eds/bin/gnu/h-x86_64-mingw32/bin/../lib/gcc/nios2-elf/12.3.1/../../../../../H-x86_64-mingw32/nios2-elf/lib/mno-hw-mul\libsmallc.a(libc_a-memcpy.o)
                                0x122 (size before relaxing)
 .debug_str     0x0000051a       0x7f c:/intelfpga_lite/23.1std/nios2eds/bin/gnu/h-x86_64-mingw32/bin/../lib/gcc/nios2-elf/12.3.1/../../../../../H-x86_64-mingw32/nios2-elf/lib/mno-hw-mul\libsmallc.a(libc_a-strlen.o)
                                0x114 (size before relaxing)
 .debug_str     0x0000051a       0xcd c:/intelfpga_lite/23.1std/nios2eds/bin/gnu/h-x86_64-mingw32/bin/../lib/gcc/nios2-elf/12.3.1/mno-hw-mul\libgcc.a(lib2-divmod.o)
                                0x122 (size before relaxing)
 .debug_str     0x000005e7       0xe6 c:/intelfpga_lite/23.1std/nios2eds/bin/gnu/h-x86_64-mingw32/bin/../lib/gcc/nios2-elf/12.3.1/mno-hw-mul\libgcc.a(lib2-mul.o)

.debug_loc
 *(.debug_loc)

.debug_macinfo
 *(.debug_macinfo)

.debug_weaknames
 *(.debug_weaknames)

.debug_funcnames
 *(.debug_funcnames)

.debug_typenames
 *(.debug_typenames)

.debug_varnames
 *(.debug_varnames)

.debug_alt_sim_info
                0x00000000       0x40
 *(.debug_alt_sim_info)
 .debug_alt_sim_info
                0x00000000       0x10 c:/Users/robertmadsen/Desktop/altera_max_10/altera_max_10/software/altera_max_10_bsp//obj/HAL/src/crt0.o
 .debug_alt_sim_info
                0x00000010       0x30 c:/Users/robertmadsen/Desktop/altera_max_10/altera_max_10/software/altera_max_10_bsp/\libhal_bsp.a(alt_busy_sleep.o)
                0x00008000                        __alt_data_end = 0x8000
                0x00008000                        PROVIDE (__alt_stack_pointer = __alt_data_end)
                [!provide]                        PROVIDE (__alt_stack_limit = __alt_stack_base)
                [!provide]                        PROVIDE (__alt_heap_start = end)
                [!provide]                        PROVIDE (__alt_heap_limit = 0x8000)
OUTPUT(altera_max_10.elf elf32-littlenios2)
LOAD linker stubs

.debug_ranges   0x00000000       0x20
 .debug_ranges  0x00000000       0x20 c:/Users/robertmadsen/Desktop/altera_max_10/altera_max_10/software/altera_max_10_bsp//obj/HAL/src/crt0.o

.debug_loclists
                0x00000000      0x9ad
 .debug_loclists
                0x00000000      0x1e5 obj/default/altera_max_10.o
 .debug_loclists
                0x000001e5      0x180 c:/Users/robertmadsen/Desktop/altera_max_10/altera_max_10/software/altera_max_10_bsp/\libhal_bsp.a(alt_printf.o)
 .debug_loclists
                0x00000365       0x25 c:/Users/robertmadsen/Desktop/altera_max_10/altera_max_10/software/altera_max_10_bsp/\libhal_bsp.a(alt_putchar.o)
 .debug_loclists
                0x0000038a       0x2c c:/Users/robertmadsen/Desktop/altera_max_10/altera_max_10/software/altera_max_10_bsp/\libhal_bsp.a(alt_putstr.o)
 .debug_loclists
                0x000003b6       0x1e c:/Users/robertmadsen/Desktop/altera_max_10/altera_max_10/software/altera_max_10_bsp/\libhal_bsp.a(alt_usleep.o)
 .debug_loclists
                0x000003d4       0x1e c:/Users/robertmadsen/Desktop/altera_max_10/altera_max_10/software/altera_max_10_bsp/\libhal_bsp.a(alt_sys_init.o)
 .debug_loclists
                0x000003f2       0x5e c:/Users/robertmadsen/Desktop/altera_max_10/altera_max_10/software/altera_max_10_bsp/\libhal_bsp.a(altera_avalon_jtag_uart_write.o)
 .debug_loclists
                0x00000450       0x8a c:/Users/robertmadsen/Desktop/altera_max_10/altera_max_10/software/altera_max_10_bsp/\libhal_bsp.a(alt_busy_sleep.o)
 .debug_loclists
                0x000004da       0xcc c:/intelfpga_lite/23.1std/nios2eds/bin/gnu/h-x86_64-mingw32/bin/../lib/gcc/nios2-elf/12.3.1/../../../../../H-x86_64-mingw32/nios2-elf/lib/mno-hw-mul\libsmallc.a(libc_a-memcpy.o)
 .debug_loclists
                0x000005a6       0x32 c:/intelfpga_lite/23.1std/nios2eds/bin/gnu/h-x86_64-mingw32/bin/../lib/gcc/nios2-elf/12.3.1/../../../../../H-x86_64-mingw32/nios2-elf/lib/mno-hw-mul\libsmallc.a(libc_a-strlen.o)
 .debug_loclists
                0x000005d8      0x37a c:/intelfpga_lite/23.1std/nios2eds/bin/gnu/h-x86_64-mingw32/bin/../lib/gcc/nios2-elf/12.3.1/mno-hw-mul\libgcc.a(lib2-divmod.o)
 .debug_loclists
                0x00000952       0x5b c:/intelfpga_lite/23.1std/nios2eds/bin/gnu/h-x86_64-mingw32/bin/../lib/gcc/nios2-elf/12.3.1/mno-hw-mul\libgcc.a(lib2-mul.o)

.debug_rnglists
                0x00000000       0xfa
 .debug_rnglists
                0x00000000       0x5b obj/default/altera_max_10.o
 .debug_rnglists
                0x0000005b       0x23 c:/Users/robertmadsen/Desktop/altera_max_10/altera_max_10/software/altera_max_10_bsp/\libhal_bsp.a(alt_load.o)
 .debug_rnglists
                0x0000007e       0x17 c:/Users/robertmadsen/Desktop/altera_max_10/altera_max_10/software/altera_max_10_bsp/\libhal_bsp.a(alt_printf.o)
 .debug_rnglists
                0x00000095       0x13 c:/intelfpga_lite/23.1std/nios2eds/bin/gnu/h-x86_64-mingw32/bin/../lib/gcc/nios2-elf/12.3.1/../../../../../H-x86_64-mingw32/nios2-elf/lib/mno-hw-mul\libsmallc.a(libc_a-memcpy.o)
 .debug_rnglists
                0x000000a8       0x13 c:/intelfpga_lite/23.1std/nios2eds/bin/gnu/h-x86_64-mingw32/bin/../lib/gcc/nios2-elf/12.3.1/../../../../../H-x86_64-mingw32/nios2-elf/lib/mno-hw-mul\libsmallc.a(libc_a-strlen.o)
 .debug_rnglists
                0x000000bb       0x3f c:/intelfpga_lite/23.1std/nios2eds/bin/gnu/h-x86_64-mingw32/bin/../lib/gcc/nios2-elf/12.3.1/mno-hw-mul\libgcc.a(lib2-divmod.o)

.debug_line_str
                0x00000000      0x7c8
 .debug_line_str
                0x00000000      0x19d obj/default/altera_max_10.o
                                0x20e (size before relaxing)
 .debug_line_str
                0x0000019d       0xaa c:/Users/robertmadsen/Desktop/altera_max_10/altera_max_10/software/altera_max_10_bsp/\libhal_bsp.a(alt_load.o)
                                0x121 (size before relaxing)
 .debug_line_str
                0x00000247       0x4a c:/Users/robertmadsen/Desktop/altera_max_10/altera_max_10/software/altera_max_10_bsp/\libhal_bsp.a(alt_main.o)
                                0x120 (size before relaxing)
 .debug_line_str
                0x00000291       0x1e c:/Users/robertmadsen/Desktop/altera_max_10/altera_max_10/software/altera_max_10_bsp/\libhal_bsp.a(alt_printf.o)
                                0x161 (size before relaxing)
 .debug_line_str
                0x000002af       0x16 c:/Users/robertmadsen/Desktop/altera_max_10/altera_max_10/software/altera_max_10_bsp/\libhal_bsp.a(alt_putchar.o)
                                 0xe4 (size before relaxing)
 .debug_line_str
                0x000002c5       0x6c c:/Users/robertmadsen/Desktop/altera_max_10/altera_max_10/software/altera_max_10_bsp/\libhal_bsp.a(alt_putstr.o)
                                0x19e (size before relaxing)
 .debug_line_str
                0x00000331       0x81 c:/Users/robertmadsen/Desktop/altera_max_10/altera_max_10/software/altera_max_10_bsp/\libhal_bsp.a(alt_usleep.o)
                                0x16d (size before relaxing)
 .debug_line_str
                0x000003b2       0x4f c:/Users/robertmadsen/Desktop/altera_max_10/altera_max_10/software/altera_max_10_bsp/\libhal_bsp.a(alt_sys_init.o)
                                0x139 (size before relaxing)
 .debug_line_str
                0x00000401       0x38 c:/Users/robertmadsen/Desktop/altera_max_10/altera_max_10/software/altera_max_10_bsp/\libhal_bsp.a(altera_avalon_jtag_uart_write.o)
                                0x160 (size before relaxing)
 .debug_line_str
                0x00000439       0x19 c:/Users/robertmadsen/Desktop/altera_max_10/altera_max_10/software/altera_max_10_bsp/\libhal_bsp.a(alt_busy_sleep.o)
                                0x103 (size before relaxing)
 .debug_line_str
                0x00000452       0x1f c:/Users/robertmadsen/Desktop/altera_max_10/altera_max_10/software/altera_max_10_bsp/\libhal_bsp.a(alt_dcache_flush_all.o)
                                 0xff (size before relaxing)
 .debug_line_str
                0x00000471       0x1f c:/Users/robertmadsen/Desktop/altera_max_10/altera_max_10/software/altera_max_10_bsp/\libhal_bsp.a(alt_icache_flush_all.o)
                                 0xff (size before relaxing)
 .debug_line_str
                0x00000490       0x20 c:/Users/robertmadsen/Desktop/altera_max_10/altera_max_10/software/altera_max_10_bsp/\libhal_bsp.a(altera_nios2_gen2_irq.o)
                                0x102 (size before relaxing)
 .debug_line_str
                0x000004b0      0x1b3 c:/intelfpga_lite/23.1std/nios2eds/bin/gnu/h-x86_64-mingw32/bin/../lib/gcc/nios2-elf/12.3.1/../../../../../H-x86_64-mingw32/nios2-elf/lib/mno-hw-mul\libsmallc.a(libc_a-memcpy.o)
                                0x259 (size before relaxing)
 .debug_line_str
                0x00000663       0x39 c:/intelfpga_lite/23.1std/nios2eds/bin/gnu/h-x86_64-mingw32/bin/../lib/gcc/nios2-elf/12.3.1/../../../../../H-x86_64-mingw32/nios2-elf/lib/mno-hw-mul\libsmallc.a(libc_a-strlen.o)
                                0x259 (size before relaxing)
 .debug_line_str
                0x0000069c       0xf2 c:/intelfpga_lite/23.1std/nios2eds/bin/gnu/h-x86_64-mingw32/bin/../lib/gcc/nios2-elf/12.3.1/mno-hw-mul\libgcc.a(lib2-divmod.o)
                                0x187 (size before relaxing)
 .debug_line_str
                0x0000078e       0x3a c:/intelfpga_lite/23.1std/nios2eds/bin/gnu/h-x86_64-mingw32/bin/../lib/gcc/nios2-elf/12.3.1/mno-hw-mul\libgcc.a(lib2-mul.o)
                                0x17e (size before relaxing)
